// Jest Snapshot v1, https://goo.gl/fbAQLP

exports[`SnapShots About snapshots 1`] = `
<div
  className="about"
>
  <section
    className="section1"
  >
    <p>
      <b>
        Hello, my name is Loic Cardinal Hirwa
      </b>
      . I am a software developper, I started to know this field when I was young but I started digging in it in 2019 when I found out that this field is very intersting, helpful and enjoyable. That's why I took a decision of empowering future software developpers and feel confident every single day in this field.
    </p>
    <img
      alt="Loic"
      src="Loic.png"
    />
  </section>
  <section
    className="section2"
  >
    <p>
      <b>
        I love what I do.
      </b>
      As a software developper am here to make you feel good
    </p>
  </section>
  <section
    className="section3"
  >
    <h1>
      MY VALUES:
    </h1>
    <div>
      <button>
        Transparency
      </button>
      <p>
        To be true  to my clients by providing solutions to them
      </p>
      <button>
        Commitment
      </button>
      <p>
        Loyalty and hard work over everything else.
      </p>
      <button>
        Self improvement
      </button>
      <p>
        Never stop learning,never stop evolving into who i want to be and where i want to be
      </p>
    </div>
  </section>
  <section
    className="section4"
  >
    <h1>
      MY MISSION:
    </h1>
    <p>
      My mission is to make software developer feel empowering and self confindent every single day 
    </p>
  </section>
</div>
`;

exports[`SnapShots App snapshots 1`] = `
<BrowserRouter>
  <div
    className="App"
  >
    <Connect(Navbar) />
    <div
      className="content"
    >
      <Switch>
        <Route
          exact={true}
          path="/"
        >
          <Home />
        </Route>
        <Route
          exact={true}
          path="/about"
        >
          <About />
        </Route>
        <Route
          exact={true}
          path="/contact"
        >
          <Contact />
        </Route>
        <Route
          exact={true}
          path="/create"
        >
          <Connect(CreateBlog) />
        </Route>
        <Route
          exact={true}
          path="/blogs"
        >
          <BlogList />
        </Route>
        <Route
          component={
            Object {
              "$$typeof": Symbol(react.memo),
              "WrappedComponent": [Function],
              "compare": null,
              "type": [Function],
            }
          }
          exact={true}
          path="/blogs/:id"
        />
        <Route
          component={
            Object {
              "$$typeof": Symbol(react.memo),
              "WrappedComponent": [Function],
              "compare": null,
              "type": [Function],
            }
          }
          exact={true}
          path="/login"
        />
        <Route
          component={
            Object {
              "$$typeof": Symbol(react.memo),
              "WrappedComponent": [Function],
              "compare": null,
              "type": [Function],
            }
          }
          exact={true}
          path="/signup"
        />
        <Route
          path="*"
        >
          <NotFound />
        </Route>
      </Switch>
    </div>
    <Footer />
  </div>
</BrowserRouter>
`;

exports[`SnapShots Contact snapshots 1`] = `
<div
  className="contact"
>
  <p>
    Fill in the form and submit it so that we get your message
  </p>
  <form>
    <label>
      Name
    </label>
    <input
      placeholder="Names"
      required={true}
      type="text"
    />
    <label>
      Email
    </label>
    <input
      placeholder="example@example.com"
      required={true}
      type="email"
    />
    <label>
      Message
    </label>
    <textarea
      placeholder="Write your message here"
      required={true}
    />
    <button>
      Send message
    </button>
  </form>
</div>
`;

exports[`SnapShots Home snapshots 1`] = `
<div
  className="home"
>
  <div
    className="introduction"
  >
    <p>
      Welcome to my portfolio, I am Hirwa Cardinal Loic a software developer.
    </p>
    <img
      alt="Loic"
      src="Loic.png"
    />
  </div>
  <div
    className="skills"
  >
    <h1>
      Skills
    </h1>
    <div
      className="images"
    >
      <img
        alt="html"
        src="html.png"
      />
      <img
        alt="css"
        src="css.png"
      />
      <img
        alt="javascript"
        src="javascript.png"
      />
    </div>
  </div>
</div>
`;

exports[`SnapShots NotFound snapshots 1`] = `
<div>
  <h2>
    404 oops page not found!!!
  </h2>
</div>
`;
